
============================================================
  GÉNÉRATION DU PLANNING POLY
============================================================
[22:33:32] INFO    Effectifs : 84 4A, 77 5A, 65 6A (229 étudiants)
[22:33:32] INFO    Groupes générés : 103

============================================================
  ÉTAPE 1 — Planning salle (brut)
============================================================
[22:33:32] OK      29 semaines actives calculées
[22:33:32] OK      Aucune alerte de scénario

============================================================
  Semaines neutralisées (traitement manuel)
============================================================
[22:33:32] WARN      Semaine 36 : COUPLAGE
[22:33:32] WARN      Semaine 45 : COUPLAGE
[22:33:32] WARN      Semaine 46 : JOUR_BLOQUE
[22:33:32] WARN      Semaine 50 : EXAMEN
[22:33:32] WARN      Semaine 52 : JOUR_BLOQUE
[22:33:32] WARN      Semaine 1 : FERMEE
[22:33:32] WARN      Semaine 2 : EXAMEN
[22:33:32] WARN      Semaine 6 : JOUR_BLOQUE
[22:33:32] WARN      Semaine 9 : COUPLAGE
[22:33:32] WARN      Semaine 10 : COUPLAGE
[22:33:32] WARN      Semaine 11 : COUPLAGE
[22:33:32] WARN      Semaine 12 : COUPLAGE
[22:33:32] WARN      Semaine 13 : COUPLAGE
[22:33:32] WARN      Semaine 14 : EXAMEN
[22:33:32] WARN      Semaine 15 : COUPLAGE
[22:33:32] WARN      Semaine 18 : EXAMEN
[22:33:32] WARN      Semaine 19 : EXAMEN
[22:33:32] WARN      Semaine 21 : EXAMEN
[22:33:32] WARN      Semaine 22 : EXAMEN
[22:33:32] WARN      Semaine 27 : EXAMEN
[22:33:32] WARN      Semaine 29 : JOUR_BLOQUE
[22:33:32] WARN      Semaine 32 : FERMEE
[22:33:32] WARN      Semaine 33 : FERMEE
[22:33:32] INFO    Total : 23 semaines neutralisées, 29 actives

============================================================
  ÉTAPE 2 — Capacité (roulement + débordement)
============================================================
[22:33:32] INFO    Réductions avant la date   : 595
[22:33:32] INFO    Débordements après la date : 228
[22:33:32] INFO    Réductions après la date   : 192
[22:33:32] OK      Capacité respectée partout

============================================================
  ÉTAPE 3 — Équité
============================================================
[22:33:32] INFO    Vacations 4/6 par groupe : min=38, max=51, écart=13, moy=45.9

============================================================
  ÉTAPE 4 — Export CSV
============================================================
[22:33:32] OK      229 fichiers CSV générés dans 'planning_csv/'

============================================================
  ÉTAPE 5 — Rapports
============================================================